[50516:49404:0519/224324.131:WARNING:t_skinfilemap.cpp(56)] SGRenderLog:CheckUpdate newMem.OpenMem failed, szNewMem:Local\sgime_skin.v6.filemap.sogouime err:系统错误2: 系统找不到指定的文件。  
打开Filemap失败: Local\sgime_skin.v6.filemap.sogouime1697a5466a7
[50516:49404:0519/224324.131:WARNING:t_skinfilemap.cpp(65)] SGRenderLog:CheckUpdate finish: old version:1
[50516:49404:0519/224324.131:WARNING:t_skinfilemap.cpp(67)] SGRenderLog:CheckUpdate finish: new version:6
[50516:63648:0519/224324.218:WARNING:n_flashIPCUtil.cpp(124)] n_flashIPCUtil::IPCNSync t_flashStubImpl::CreateControl
[50516:49404:0519/224324.234:WARNING:t_skinfilemap.cpp(63)] SGRenderLog:CheckUpdate newMem.OpenMem Suc, szNewMem:Local\sgime_skin_flash2553.v10.filemap.sogouime
[50516:49404:0519/224324.235:WARNING:t_skinfilemap.cpp(65)] SGRenderLog:CheckUpdate finish: old version:1
[50516:49404:0519/224324.235:WARNING:t_skinfilemap.cpp(67)] SGRenderLog:CheckUpdate finish: new version:10
[50516:49404:0519/224324.235:WARNING:t_skinfilemap.cpp(63)] SGRenderLog:CheckUpdate newMem.OpenMem Suc, szNewMem:Local\sgime_skin_flash2553.v10.filemap.sogouime
[50516:49404:0519/224324.235:WARNING:t_skinfilemap.cpp(65)] SGRenderLog:CheckUpdate finish: old version:10
[50516:49404:0519/224324.235:WARNING:t_skinfilemap.cpp(67)] SGRenderLog:CheckUpdate finish: new version:10
[62076:62720:0519/224647.292:WARNING:t_skinfilemap.cpp(56)] SGRenderLog:CheckUpdate newMem.OpenMem failed, szNewMem:Local\sgime_skin.v6.filemap.sogouime err:系统错误2: 系统找不到指定的文件。  
打开Filemap失败: Local\sgime_skin.v6.filemap.sogouime1697a5466a7
[62076:62720:0519/224647.293:WARNING:t_skinfilemap.cpp(65)] SGRenderLog:CheckUpdate finish: old version:1
[62076:62720:0519/224647.293:WARNING:t_skinfilemap.cpp(67)] SGRenderLog:CheckUpdate finish: new version:6
[62076:58500:0519/224647.401:WARNING:n_flashIPCUtil.cpp(124)] n_flashIPCUtil::IPCNSync t_flashStubImpl::CreateControl
[62076:62720:0519/224647.402:WARNING:t_skinfilemap.cpp(63)] SGRenderLog:CheckUpdate newMem.OpenMem Suc, szNewMem:Local\sgime_skin_flash2553.v10.filemap.sogouime
[62076:62720:0519/224647.402:WARNING:t_skinfilemap.cpp(65)] SGRenderLog:CheckUpdate finish: old version:1
[62076:62720:0519/224647.402:WARNING:t_skinfilemap.cpp(67)] SGRenderLog:CheckUpdate finish: new version:10
[62076:62720:0519/224647.402:WARNING:t_skinfilemap.cpp(63)] SGRenderLog:CheckUpdate newMem.OpenMem Suc, szNewMem:Local\sgime_skin_flash2553.v10.filemap.sogouime
[62076:62720:0519/224647.402:WARNING:t_skinfilemap.cpp(65)] SGRenderLog:CheckUpdate finish: old version:10
[62076:62720:0519/224647.402:WARNING:t_skinfilemap.cpp(67)] SGRenderLog:CheckUpdate finish: new version:10
[40152:62580:0519/224931.161:WARNING:t_skinfilemap.cpp(56)] SGRenderLog:CheckUpdate newMem.OpenMem failed, szNewMem:Local\sgime_skin.v6.filemap.sogouime err:系统错误2: 系统找不到指定的文件。  
打开Filemap失败: Local\sgime_skin.v6.filemap.sogouime1697a5466a7
[40152:62580:0519/224931.161:WARNING:t_skinfilemap.cpp(65)] SGRenderLog:CheckUpdate finish: old version:1
[40152:62580:0519/224931.161:WARNING:t_skinfilemap.cpp(67)] SGRenderLog:CheckUpdate finish: new version:6
[40152:61840:0519/224931.254:WARNING:n_flashIPCUtil.cpp(124)] n_flashIPCUtil::IPCNSync t_flashStubImpl::CreateControl
[40152:62580:0519/224931.254:WARNING:t_skinfilemap.cpp(63)] SGRenderLog:CheckUpdate newMem.OpenMem Suc, szNewMem:Local\sgime_skin_flash2553.v10.filemap.sogouime
[40152:62580:0519/224931.254:WARNING:t_skinfilemap.cpp(65)] SGRenderLog:CheckUpdate finish: old version:1
[40152:62580:0519/224931.254:WARNING:t_skinfilemap.cpp(67)] SGRenderLog:CheckUpdate finish: new version:10
[40152:62580:0519/224931.254:WARNING:t_skinfilemap.cpp(63)] SGRenderLog:CheckUpdate newMem.OpenMem Suc, szNewMem:Local\sgime_skin_flash2553.v10.filemap.sogouime
[40152:62580:0519/224931.254:WARNING:t_skinfilemap.cpp(65)] SGRenderLog:CheckUpdate finish: old version:10
[40152:62580:0519/224931.254:WARNING:t_skinfilemap.cpp(67)] SGRenderLog:CheckUpdate finish: new version:10
[67140:67144:0519/232046.163:WARNING:t_skinfilemap.cpp(56)] SGRenderLog:CheckUpdate newMem.OpenMem failed, szNewMem:Local\sgime_skin.v6.filemap.sogouime err:系统错误2: 系统找不到指定的文件。  
打开Filemap失败: Local\sgime_skin.v6.filemap.sogouime1697a5466a7
[67140:67144:0519/232046.163:WARNING:t_skinfilemap.cpp(65)] SGRenderLog:CheckUpdate finish: old version:1
[67140:67144:0519/232046.163:WARNING:t_skinfilemap.cpp(67)] SGRenderLog:CheckUpdate finish: new version:6
[67140:54728:0519/232046.257:WARNING:n_flashIPCUtil.cpp(124)] n_flashIPCUtil::IPCNSync t_flashStubImpl::CreateControl
[67140:67144:0519/232046.308:WARNING:t_skinfilemap.cpp(63)] SGRenderLog:CheckUpdate newMem.OpenMem Suc, szNewMem:Local\sgime_skin_flash2553.v10.filemap.sogouime
[67140:67144:0519/232046.308:WARNING:t_skinfilemap.cpp(65)] SGRenderLog:CheckUpdate finish: old version:1
[67140:67144:0519/232046.308:WARNING:t_skinfilemap.cpp(67)] SGRenderLog:CheckUpdate finish: new version:10
[67140:67144:0519/232046.308:WARNING:t_skinfilemap.cpp(63)] SGRenderLog:CheckUpdate newMem.OpenMem Suc, szNewMem:Local\sgime_skin_flash2553.v10.filemap.sogouime
[67140:67144:0519/232046.308:WARNING:t_skinfilemap.cpp(65)] SGRenderLog:CheckUpdate finish: old version:10
[67140:67144:0519/232046.308:WARNING:t_skinfilemap.cpp(67)] SGRenderLog:CheckUpdate finish: new version:10
[49748:49388:0519/232613.854:WARNING:t_skinfilemap.cpp(56)] SGRenderLog:CheckUpdate newMem.OpenMem failed, szNewMem:Local\sgime_skin.v6.filemap.sogouime err:系统错误2: 系统找不到指定的文件。  
打开Filemap失败: Local\sgime_skin.v6.filemap.sogouime1697a5466a7
[49748:49388:0519/232613.854:WARNING:t_skinfilemap.cpp(65)] SGRenderLog:CheckUpdate finish: old version:1
[49748:49388:0519/232613.854:WARNING:t_skinfilemap.cpp(67)] SGRenderLog:CheckUpdate finish: new version:6
[49748:46568:0519/232613.948:WARNING:n_flashIPCUtil.cpp(124)] n_flashIPCUtil::IPCNSync t_flashStubImpl::CreateControl
[49748:49388:0519/232613.996:WARNING:t_skinfilemap.cpp(63)] SGRenderLog:CheckUpdate newMem.OpenMem Suc, szNewMem:Local\sgime_skin_flash2553.v10.filemap.sogouime
[49748:49388:0519/232613.996:WARNING:t_skinfilemap.cpp(65)] SGRenderLog:CheckUpdate finish: old version:1
[49748:49388:0519/232613.996:WARNING:t_skinfilemap.cpp(67)] SGRenderLog:CheckUpdate finish: new version:10
[49748:49388:0519/232613.996:WARNING:t_skinfilemap.cpp(63)] SGRenderLog:CheckUpdate newMem.OpenMem Suc, szNewMem:Local\sgime_skin_flash2553.v10.filemap.sogouime
[49748:49388:0519/232613.996:WARNING:t_skinfilemap.cpp(65)] SGRenderLog:CheckUpdate finish: old version:10
[49748:49388:0519/232613.996:WARNING:t_skinfilemap.cpp(67)] SGRenderLog:CheckUpdate finish: new version:10
